Traceback (most recent call last):
  File "C:\Users\OMAR DANIEL MEDINA V\anaconda3\envs\ml_venv\Lib\site-packages\jupyter_core\utils\__init__.py", line 154, in wrapped
    asyncio.get_running_loop()
RuntimeError: no running event loop

During handling of the above exception, another exception occurred:

Traceback (most recent call last):
  File "C:\Users\OMAR DANIEL MEDINA V\anaconda3\envs\ml_venv\Lib\site-packages\jupyter_cache\executors\utils.py", line 58, in single_nb_execution
    executenb(
  File "C:\Users\OMAR DANIEL MEDINA V\anaconda3\envs\ml_venv\Lib\site-packages\nbclient\client.py", line 1319, in execute
    return NotebookClient(nb=nb, resources=resources, km=km, **kwargs).execute()
           ^^^^^^^^^^^^^^^^^^^^^^^^^^^^^^^^^^^^^^^^^^^^^^^^^^^^^^^^^^^^^^^^^^^^^
  File "C:\Users\OMAR DANIEL MEDINA V\anaconda3\envs\ml_venv\Lib\site-packages\jupyter_core\utils\__init__.py", line 158, in wrapped
    return loop.run_until_complete(inner)
           ^^^^^^^^^^^^^^^^^^^^^^^^^^^^^^
  File "C:\Users\OMAR DANIEL MEDINA V\anaconda3\envs\ml_venv\Lib\asyncio\base_events.py", line 654, in run_until_complete
    return future.result()
           ^^^^^^^^^^^^^^^
  File "C:\Users\OMAR DANIEL MEDINA V\anaconda3\envs\ml_venv\Lib\site-packages\nbclient\client.py", line 709, in async_execute
    await self.async_execute_cell(
  File "C:\Users\OMAR DANIEL MEDINA V\anaconda3\envs\ml_venv\Lib\site-packages\nbclient\client.py", line 1005, in async_execute_cell
    exec_reply = await self.task_poll_for_reply
                 ^^^^^^^^^^^^^^^^^^^^^^^^^^^^^^
  File "C:\Users\OMAR DANIEL MEDINA V\anaconda3\envs\ml_venv\Lib\site-packages\nbclient\client.py", line 806, in _async_poll_for_reply
    error_on_timeout_execute_reply = await self._async_handle_timeout(timeout, cell)
                                     ^^^^^^^^^^^^^^^^^^^^^^^^^^^^^^^^^^^^^^^^^^^^^^^
  File "C:\Users\OMAR DANIEL MEDINA V\anaconda3\envs\ml_venv\Lib\site-packages\nbclient\client.py", line 856, in _async_handle_timeout
    raise CellTimeoutError.error_from_timeout_and_cell(
nbclient.exceptions.CellTimeoutError: A cell timed out while it was being executed, after 30 seconds.
The message was: Cell execution timed out.
Here is a preview of the cell contents:
-------------------
['from pyspark.sql.functions import when, col', 'from pyspark.ml.classification import RandomForestClassifier', 'from pyspark.ml.evaluation import BinaryClassificationEvaluator, MulticlassClassificationEvaluator', 'import time', '']
...
['', 'print(f"AUC: {auc:.4f} | Accuracy: {acc:.4f} | F1: {f1:.4f} | Precision: {prec:.4f} | Recall: {rec:.4f}")', 'print(f"Tiempo entrenamiento: {t_train:.2f}s | Tiempo predicción: {t_pred:.2f}s")', '', 'pred.groupBy("default","prediction").count().orderBy("default","prediction").show()']
-------------------

